
> create-nodejs-express-app@1.7.0 dev
> cross-env NODE_ENV=development nodemon src/index.js

[33m[nodemon] 2.0.9[39m
[33m[nodemon] to restart at any time, enter `rs`[39m
[33m[nodemon] watching path(s): *.*[39m
[33m[nodemon] watching extensions: js,mjs,json[39m
[32m[nodemon] starting `node src/index.js`[39m
(node:91747) [DEP0040] DeprecationWarning: The `punycode` module is deprecated. Please use a userland alternative instead.
(Use `node --trace-deprecation ...` to show where the warning was created)
(node:91747) Warning: `--localstorage-file` was provided without a valid path
(node:91747) [DEP0169] DeprecationWarning: `url.parse()` behavior is not standardized and prone to errors that have security implications. Use the WHATWG URL API instead. CVEs are not issued for `url.parse()` vulnerabilities.
[32minfo[39m: Connected to MongoDB
[32minfo[39m: Listening to port 3000
[33mwarn[39m: Unable to connect to email server. Make sure you have configured the SMTP options in .env

> create-nodejs-express-app@1.7.0 dev
> cross-env NODE_ENV=development nodemon src/index.js

[33m[nodemon] 2.0.9[39m
[33m[nodemon] to restart at any time, enter `rs`[39m
[33m[nodemon] watching path(s): *.*[39m
[33m[nodemon] watching extensions: js,mjs,json[39m
[32m[nodemon] starting `node src/index.js`[39m
(node:75547) [DEP0040] DeprecationWarning: The `punycode` module is deprecated. Please use a userland alternative instead.
(Use `node --trace-deprecation ...` to show where the warning was created)
(node:75547) Warning: `--localstorage-file` was provided without a valid path
(node:75547) [DEP0169] DeprecationWarning: `url.parse()` behavior is not standardized and prone to errors that have security implications. Use the WHATWG URL API instead. CVEs are not issued for `url.parse()` vulnerabilities.
[32minfo[39m: Connected to MongoDB
[32minfo[39m: Listening to port 3000
[33mwarn[39m: Unable to connect to email server. Make sure you have configured the SMTP options in .env
node:events:486
      throw er; // Unhandled 'error' event
      ^

Error: read EIO
    at TTY.onStreamRead (node:internal/stream_base_commons:216:20)
Emitted 'error' event on ReadStream instance at:
    at emitErrorNT (node:internal/streams/destroy:170:8)
    at emitErrorCloseNT (node:internal/streams/destroy:129:3)
    at process.processTicksAndRejections (node:internal/process/task_queues:90:21) {
  errno: -5,
  code: 'EIO',
  syscall: 'read'
}

Node.js v25.5.0
